{
  "status": "REFINAMIENTO_PENDIENTE",
  "configuration": "datos/ensayo_no_radial_CP06.json",
  "pending": [],
  "issues": [
    "radial_mediador_refinado:final_mediator_field",
    "radial_mediador_refinado:final_phase_space"
  ],
  "comparisons": [
    {
      "control": "angular_L2_L4",
      "left": "L2_h0.500_dt0.0040_R220_eps0.020_T160",
      "right": "L4_h0.500_dt0.0040_R220_eps0.020_T160",
      "norm_relative_sup_error": 0.34159895768359017,
      "threshold": 0.05,
      "passed": false,
      "core_energy_relative_sup_error": 1.857927725834596e-05,
      "core_charge_relative_sup_error": 1.4111836778019082e-05,
      "global_phase_removed": -0.0023617384659981107,
      "final_complex_nonradial_field_error_over_initial_norm": 1.2105984957883222,
      "final_mediator_nonradial_error_over_initial_norm": 0.4107782475753249,
      "final_phi_phase_space_error_over_initial_norm": 1.2593967644607464,
      "final_mediator_phase_space_error_over_initial_norm": 0.4121295242183382,
      "interpretation": "Additional final-field diagnostic; not the preregistered temporal norm gate",
      "norm_gate_passed": false,
      "phi_field_gate_passed": false,
      "mediator_field_gate_required": true,
      "mediator_field_gate_passed": false
    },
    {
      "control": "radial_L4",
      "left": "L4_h0.500_dt0.0040_R220_eps0.020_T160",
      "right": "L4_h0.250_dt0.0040_R220_eps0.020_T160",
      "norm_relative_sup_error": 0.005883060057532515,
      "threshold": 0.02,
      "passed": true,
      "core_energy_relative_sup_error": 0.0005490344351621879,
      "core_charge_relative_sup_error": 0.0006448647244630124,
      "global_phase_removed": -0.007762669626673871,
      "final_complex_nonradial_field_error_over_initial_norm": 0.011255694990002282,
      "final_mediator_nonradial_error_over_initial_norm": 0.03488969989476375,
      "final_phi_phase_space_error_over_initial_norm": 0.015275534475406059,
      "final_mediator_phase_space_error_over_initial_norm": 0.048743048409130796,
      "interpretation": "Additional final-field diagnostic; not the preregistered temporal norm gate",
      "norm_gate_passed": true,
      "phi_field_gate_passed": true,
      "mediator_field_gate_required": false,
      "mediator_field_gate_passed": false
    },
    {
      "control": "temporal_L4",
      "left": "L4_h0.500_dt0.0040_R220_eps0.020_T160",
      "right": "L4_h0.500_dt0.0020_R220_eps0.020_T160",
      "norm_relative_sup_error": 0.0001197738534341782,
      "threshold": 0.02,
      "passed": true,
      "core_energy_relative_sup_error": 3.023616438335708e-06,
      "core_charge_relative_sup_error": 3.885424870730958e-09,
      "global_phase_removed": 5.6584424813172364e-05,
      "final_complex_nonradial_field_error_over_initial_norm": 0.00016754866274366613,
      "final_mediator_nonradial_error_over_initial_norm": 0.028727878564362336,
      "final_phi_phase_space_error_over_initial_norm": 0.01394468990278087,
      "final_mediator_phase_space_error_over_initial_norm": 0.04210590931956264,
      "interpretation": "Additional final-field diagnostic; not the preregistered temporal norm gate",
      "norm_gate_passed": true,
      "phi_field_gate_passed": true,
      "mediator_field_gate_required": false,
      "mediator_field_gate_passed": false
    },
    {
      "control": "angular_L4_L6",
      "left": "L4_h0.500_dt0.0040_R220_eps0.020_T160",
      "right": "L6_h0.500_dt0.0040_R220_eps0.020_T160",
      "norm_relative_sup_error": 0.0034229707671244456,
      "threshold": 0.05,
      "passed": true,
      "core_energy_relative_sup_error": 4.31298538439151e-07,
      "core_charge_relative_sup_error": 1.3597622516847707e-07,
      "global_phase_removed": -1.203692165130148e-07,
      "final_complex_nonradial_field_error_over_initial_norm": 0.016796749895167485,
      "final_mediator_nonradial_error_over_initial_norm": 0.013983210042243482,
      "final_phi_phase_space_error_over_initial_norm": 0.017976912404379267,
      "final_mediator_phase_space_error_over_initial_norm": 0.016452612023214536,
      "interpretation": "Additional final-field diagnostic; not the preregistered temporal norm gate",
      "norm_gate_passed": true,
      "phi_field_gate_passed": true,
      "mediator_field_gate_required": true,
      "mediator_field_gate_passed": true
    },
    {
      "control": "temporal_mediador",
      "left": "dop853e8_L4_h0.500_dt0.0200_R220_eps0.020_T160",
      "right": "dop853e9_L4_h0.500_dt0.0200_R220_eps0.020_T160",
      "norm_relative_sup_error": 9.402654641242573e-08,
      "threshold": 0.02,
      "passed": true,
      "core_energy_relative_sup_error": 4.713923962285094e-08,
      "core_charge_relative_sup_error": 2.1451729281807275e-12,
      "global_phase_removed": -2.147705540236496e-08,
      "final_complex_nonradial_field_error_over_initial_norm": 1.5182809001069195e-07,
      "final_mediator_nonradial_error_over_initial_norm": 1.907705963070565e-05,
      "final_phi_phase_space_error_over_initial_norm": 7.0325326182966745e-06,
      "final_mediator_phase_space_error_over_initial_norm": 2.7188616659673762e-05,
      "interpretation": "Additional final-field diagnostic; not the preregistered temporal norm gate",
      "norm_gate_passed": true,
      "phi_field_gate_passed": true,
      "mediator_field_gate_required": true,
      "mediator_field_gate_passed": true
    },
    {
      "control": "radial_mediador_grueso",
      "left": "dop853e9_L4_h0.500_dt0.0200_R220_eps0.020_T160",
      "right": "dop853e9_L4_h0.250_dt0.0200_R220_eps0.020_T160",
      "norm_relative_sup_error": 0.005869990499045349,
      "threshold": 0.02,
      "passed": false,
      "core_energy_relative_sup_error": 0.0005485431688148079,
      "core_charge_relative_sup_error": 0.0006448641802541122,
      "global_phase_removed": -0.0077627810908923065,
      "final_complex_nonradial_field_error_over_initial_norm": 0.011226382351444806,
      "final_mediator_nonradial_error_over_initial_norm": 0.040341137191071734,
      "final_phi_phase_space_error_over_initial_norm": 0.01403783505096348,
      "final_mediator_phase_space_error_over_initial_norm": 0.05009240496236852,
      "interpretation": "Additional final-field diagnostic; not the preregistered temporal norm gate",
      "norm_gate_passed": true,
      "phi_field_gate_passed": true,
      "mediator_field_gate_required": true,
      "mediator_field_gate_passed": false
    },
    {
      "control": "radial_mediador_refinado",
      "left": "dop853e9_L4_h0.250_dt0.0200_R220_eps0.020_T160",
      "right": "dop853e9_L4_h0.125_dt0.0200_R220_eps0.020_T160",
      "norm_relative_sup_error": 0.0015273337447915048,
      "threshold": 0.02,
      "passed": false,
      "core_energy_relative_sup_error": 0.0001377445299619584,
      "core_charge_relative_sup_error": 0.0001617081177107682,
      "global_phase_removed": -0.001908055928489575,
      "final_complex_nonradial_field_error_over_initial_norm": 0.0028510562536917454,
      "final_mediator_nonradial_error_over_initial_norm": 0.03453233704860043,
      "final_phi_phase_space_error_over_initial_norm": 0.009298218204486829,
      "final_mediator_phase_space_error_over_initial_norm": 0.05042920771974442,
      "interpretation": "Additional final-field diagnostic; not the preregistered temporal norm gate",
      "norm_gate_passed": true,
      "phi_field_gate_passed": true,
      "mediator_field_gate_required": true,
      "mediator_field_gate_passed": false
    }
  ],
  "box_control": {
    "core_energy_relative_sup_error": 6.661338147750939e-15,
    "core_charge_relative_sup_error": 6.217248937900877e-15,
    "norm_absolute_sup_error": 4.163336342344337e-16,
    "passed": true
  },
  "amplitude_comparison": {
    "relative_departure_from_linear_amplitude_scaling": 0.007948835006434462,
    "interpretation": "Finite-amplitude comparison, not a proof of an open basin or linear response at all epsilon"
  },
  "finite_campaign_passed": false,
  "original_L2_convergence_failure_preserved": true,
  "complete_E03": false,
  "complete_E04": false,
  "complete_RES0": false,
  "complete_RES1": false,
  "nonlinear_orbital_stability_proven": false,
  "arbitrary_nonradial_perturbations_tested": false,
  "scope": "CP04 quadrupole deformation epsilon 0.01 and 0.02, tau<=160, declared grids and full m through finite L; only conditional subexperiment"
}
