BVP {"radius": 40.0, "nodes": 1068, "omega": 0.9, "f0": 0.7460192053442526, "z0": -0.07827167223486071, "Ehat": 2525.658903508798, "Qhat": 2745.7739135479706, "E_over_Q": 0.919834983880829, "virial_relative": 1.1663342130166136e-10, "max_collocation_residual": 3.396809264754888e-08, "gradient": 81.69357182614847, "potential_integral": 1208.3670705860627, "static_scaling_derivative": 3706.7947835843365, "min_f": -4.410552875526886e-25, "max_z": -1.1555579666323415e-33, "monotone_f_to_x30": true, "monotone_z_to_x30": true, "requested_tolerance": 1e-06}
BVP {"radius": 50.0, "nodes": 1319, "omega": 0.9, "f0": 0.746019205340725, "z0": -0.07827167223412476, "Ehat": 2525.6589095679838, "Qhat": 2745.773920287905, "E_over_Q": 0.9198349838296805, "virial_relative": 9.94727625303999e-12, "max_collocation_residual": 9.902093257004444e-09, "gradient": 81.69357195074203, "potential_integral": 1208.3670734876844, "static_scaling_derivative": 3706.794792413795, "min_f": -7.240954249023667e-27, "max_z": 0.0, "monotone_f_to_x30": true, "monotone_z_to_x30": true, "requested_tolerance": 1e-08}
BVP {"radius": 60.0, "nodes": 2402, "omega": 0.9, "f0": 0.7460192053463047, "z0": -0.07827167223528914, "Ehat": 2525.6589099076027, "Qhat": 2745.7739206676433, "E_over_Q": 0.919834983826156, "virial_relative": 8.853106472681002e-13, "max_collocation_residual": 9.937464526741243e-10, "gradient": 81.6935719589671, "potential_integral": 1208.3670736481959, "static_scaling_derivative": 3706.7947929035545, "min_f": 3.7307574138714023e-29, "max_z": 8.609577764811676e-42, "monotone_f_to_x30": true, "monotone_z_to_x30": true, "requested_tolerance": 1e-09}
SPEC 40 500 0 H [-0.0228447223120527, 0.20115792126018062] K [0.2005767620755441, 0.23134639664335976]
SPEC 40 500 1 H [-3.884910970142208e-05, 0.20487130436882794] K []
SPEC 40 500 2 H [0.044918599839986584, 0.21171183800066862] K []
SPEC 40 500 3 H [0.11061052344650446, 0.2209650199295945] K []
SPEC 40 1000 0 H [-0.022815014302050463, 0.20115853188945154] K [0.20057712921211168, 0.23134836548082016]
SPEC 40 1000 1 H [-9.729142139258684e-06, 0.20487178161959219] K []
SPEC 40 1000 2 H [0.04494642685553729, 0.2117121673327924] K []
SPEC 40 1000 3 H [0.11063607723756319, 0.22096528289245776] K []
SPEC 40 2000 0 H [-0.022807572401894127, 0.20115868484919286] K [0.20057722116943655, 0.23134885867565425]
SPEC 40 2000 1 H [-2.4345580353912766e-06, 0.20487190117524356] K []
SPEC 40 2000 2 H [0.044953397527249805, 0.21171224984202452] K []
SPEC 40 2000 3 H [0.11064247840796582, 0.22096534878210417] K []
SPEC 60 3000 0 H [-0.022807573230136713, 0.19399523273574903] K [0.19387455341638637, 0.20541805663131796]
SPEC 60 3000 1 H [-2.4353707859248175e-06, 0.19595066979368814] K []
SPEC 60 3000 2 H [0.044953396736832074, 0.199303370853261] K []
SPEC 60 3000 3 H [0.11064247666606364, 0.20358308600580788] K []
NUMERICAL_CHECKS True
